package;severity;reason;patchedIn
lodash.mergewith;high;Prototype Pollution;>=4.6.1
